// Jest Snapshot v1, https://goo.gl/fbAQLP

exports[`should match the snapshot 1`] = `
<DocumentFragment>
  <div
    class="bag__content"
  >
    <div
      class="bag__box"
    >
      <div
        class="bag"
      >
        <img
          class="bag__image"
        />
        <p
          class="bag__name"
          data-testid="shoes1"
        >
          shoes1
        </p>
        <select
          class="bag__select"
          name="size"
        >
          <option
            value="43"
          >
            43
          </option>
          <option
            value="37"
          >
            37
          </option>
          <option
            value="38"
          >
            38
          </option>
          <option
            value="39"
          >
            39
          </option>
          <option
            value="40"
          >
            40
          </option>
          <option
            value="41"
          >
            41
          </option>
          <option
            value="42"
          >
            42
          </option>
          <option
            value="43"
          >
            43
          </option>
          <option
            value="44"
          >
            44
          </option>
          <option
            value="45"
          >
            45
          </option>
          <option
            value="46"
          >
            46
          </option>
          <option
            value="47"
          >
            47
          </option>
        </select>
        <p
          class="bag__name"
        >
          Price : 50 €
        </p>
        <button
          class="bag__button"
        >
          <img
            class="bag__cross__button"
          />
        </button>
      </div>
      <div
        class="bag"
      >
        <img
          class="bag__image"
        />
        <p
          class="bag__name"
          data-testid="shoes2"
        >
          shoes2
        </p>
        <select
          class="bag__select"
          name="size"
        >
          <option
            value="42"
          >
            42
          </option>
          <option
            value="37"
          >
            37
          </option>
          <option
            value="38"
          >
            38
          </option>
          <option
            value="39"
          >
            39
          </option>
          <option
            value="40"
          >
            40
          </option>
          <option
            value="41"
          >
            41
          </option>
          <option
            value="42"
          >
            42
          </option>
          <option
            value="43"
          >
            43
          </option>
          <option
            value="44"
          >
            44
          </option>
          <option
            value="45"
          >
            45
          </option>
          <option
            value="46"
          >
            46
          </option>
          <option
            value="47"
          >
            47
          </option>
        </select>
        <p
          class="bag__name"
        >
          Price : 10 €
        </p>
        <button
          class="bag__button"
        >
          <img
            class="bag__cross__button"
          />
        </button>
      </div>
      <div
        class="bag"
      >
        <img
          class="bag__image"
        />
        <p
          class="bag__name"
          data-testid="shoes3"
        >
          shoes3
        </p>
        <select
          class="bag__select"
          name="size"
        >
          <option
            value="44"
          >
            44
          </option>
          <option
            value="37"
          >
            37
          </option>
          <option
            value="38"
          >
            38
          </option>
          <option
            value="39"
          >
            39
          </option>
          <option
            value="40"
          >
            40
          </option>
          <option
            value="41"
          >
            41
          </option>
          <option
            value="42"
          >
            42
          </option>
          <option
            value="43"
          >
            43
          </option>
          <option
            value="44"
          >
            44
          </option>
          <option
            value="45"
          >
            45
          </option>
          <option
            value="46"
          >
            46
          </option>
          <option
            value="47"
          >
            47
          </option>
        </select>
        <p
          class="bag__name"
        >
          Price : 20 €
        </p>
        <button
          class="bag__button"
        >
          <img
            class="bag__cross__button"
          />
        </button>
      </div>
    </div>
    <p
      class="bag__price"
    >
      Total price : 80 €
    </p>
    <div
      class="bag__payment__div"
    >
      <button
        class="bag__payment"
      >
        Payment
      </button>
    </div>
  </div>
</DocumentFragment>
`;
