// Jest Snapshot v1, https://goo.gl/fbAQLP

exports[`should match the snapshot 1`] = `
<DocumentFragment>
  <div
    class="help"
  >
    <div
      class="help__header"
    >
      <h1
        class="help__title"
      >
        Our company
      </h1>
      <img
        class="help__image"
      />
    </div>
    <p
      class="help__p"
    >
      Habet ad conpulit quae castrisque adtributo Bostram repellendos opima contigua castrisque Nabataeis habet castellis obtemperare Bostram Traianus veterum obtemperare Parthos saltus et Gerasam vicinarum hanc legibus veterum per veterum conpulit cum Mediam cum inter cum Gerasam atque Gerasam quoque cautissimas Parthos vicinarum civitates est conserta marte cautissimas Arabia oppida castellis gentium ingentes conserta sollicitudo provinciae inter inposito adtributo Parthos conmerciorum vicinarum et quae saltus habet gentium rectoreque urgeret urgeret latere et quae excursus murorum quaedam civitates erexit provinciae sollicitudo quoque validis adtributo et veterum adtributo Bostram quaedam et legibus cautos et sollicitudo atque ingentes oppleta urgeret est contunso Traianus conserta.
    </p>
  </div>
</DocumentFragment>
`;
